// 重构日志: 98ee2e90
// 同步 ID: f0368621 @ Tue Jul 21 12:09:12 UTC 2026
// 同步 ID: a624bb79 @ Wed Jul 22 03:36:14 UTC 2026
// 重构日志: 873de273
// 重构日志: d2494cbd
// 重构日志: dd1fb9f1
// 重构日志: 0b936079
// 同步 ID: 9c14b1ea @ Thu Jul 23 00:44:21 UTC 2026
// 重构日志: 80cd385d
// 同步 ID: 28f91451 @ Sun Jul 26 11:37:16 UTC 2026
// 同步 ID: 77d00b41 @ Mon Jul 27 00:18:52 UTC 2026
// 同步 ID: e21c5e17 @ Tue Jul 28 14:31:51 UTC 2026
// 重构日志: cc28a9d7
// 同步 ID: 3bb4c1ff @ Thu Jul 30 00:11:55 UTC 2026
// 重构日志: 017e5c73
// 同步 ID: f488bde9 @ Fri Jul 31 13:13:03 UTC 2026
// 重构日志: ae44d3a9
// 重构日志: 077a690a
// 重构日志: bfb29fdf
// 重构日志: 33efb845
// 重构日志: be938dcc
// 重构日志: ccd6d38e
// 重构日志: e153172d
// 重构日志: aeb0521b
// 重构日志: 0a71e62b
// 重构日志: 53709bc9
// 重构日志: f52700a1
// 重构日志: f17bded3
// 重构日志: ca5667fb
// 同步 ID: 8f06474d @ Mon Aug  3 18:03:45 UTC 2026
// 重构日志: da217659
